Component: ARM Compiler 5.06 update 5 (build 528) Tool: armlink [4d35e2]

==============================================================================

Section Cross References

    config_bouton.o(.text) refers (Special) to jambe_droite.o(.text) for loop
    config_bouton.o(.text) refers to rk_moteur.o(.text) for MOTEUR_INIT
    config_bumper.o(.text) refers (Special) to jambe_droite.o(.text) for loop
    config_bumper.o(.text) refers to config_led.o(.text) for LED_GAUCHE_OFF
    config_bumper.o(.text) refers to rk_moteur.o(.text) for MOTEUR_DROIT_ON
    jambe_droite.o(.text) refers to config_led.o(.text) for LED_INIT
    jambe_droite.o(.text) refers to config_bumper.o(.text) for BUMPER_INIT
    jambe_droite.o(.text) refers to config_bouton.o(.text) for BOUTTON_INIT
    jambe_droite.o(.text) refers to rk_moteur.o(.text) for MOTEUR_INIT
    startup.o(RESET) refers to startup.o(STACK) for StackMem
    startup.o(RESET) refers to jambe_droite.o(.text) for __main


==============================================================================

Removing Unused input sections from the image.

    Removing startup.o(HEAP), (0 bytes).
    Removing startup.o(.text), (0 bytes).

2 unused section(s) (total 0 bytes) removed from the image.

==============================================================================

Image Symbol Table

    Local Symbols

    Symbol Name                              Value     Ov Type        Size  Object(Section)

    RESET                                    0x00000000   Section      632  startup.o(RESET)
    Config_Bumper.s                          0x00000000   Number         0  config_bumper.o ABSOLUTE
    Config_Led.s                             0x00000000   Number         0  config_led.o ABSOLUTE
    Config_bouton.s                          0x00000000   Number         0  config_bouton.o ABSOLUTE
    Jambe_Droite.s                           0x00000000   Number         0  jambe_droite.o ABSOLUTE
    RK_Moteur.s                              0x00000000   Number         0  rk_moteur.o ABSOLUTE
    Startup.s                                0x00000000   Number         0  startup.o ABSOLUTE
    NmiSR                                    0x00000271   Thumb Code     0  startup.o(RESET)
    FaultISR                                 0x00000273   Thumb Code     0  startup.o(RESET)
    IntDefaultHandler                        0x00000275   Thumb Code     0  startup.o(RESET)
    .text                                    0x00000278   Section      480  rk_moteur.o(.text)
    .text                                    0x00000458   Section      120  config_led.o(.text)
    .text                                    0x000004d0   Section      152  config_bouton.o(.text)
    .text                                    0x00000568   Section      232  config_bumper.o(.text)
    .text                                    0x00000650   Section      176  jambe_droite.o(.text)
    STACK                                    0x20000000   Section      256  startup.o(STACK)
    StackMem                                 0x20000000   Data           0  startup.o(STACK)

    Global Symbols

    Symbol Name                              Value     Ov Type        Size  Object(Section)

    BuildAttributes$$THM_ISAv4$P$D$K$B$S$PE$A:L22UL41UL21$X:L11$S22US41US21$IEEE1$IW$USESV6$~STKCKD$USESV7$~SHL$OSPACE$EBA8$MICROLIB$PRES8$EABIv2 0x00000000   Number         0  anon$$obj.o ABSOLUTE
    __Vectors                                0x00000000   Data           0  startup.o(RESET)
    VITESSE                                  0x00000172   Number         0  rk_moteur.o ABSOLUTE
    Reset_Handler                            0x0000026d   Thumb Code     0  startup.o(RESET)
    MOTEUR_INIT                              0x00000279   Thumb Code     0  rk_moteur.o(.text)
    MOTEUR_DROIT_ON                          0x00000379   Thumb Code     0  rk_moteur.o(.text)
    MOTEUR_DROIT_OFF                         0x00000385   Thumb Code     0  rk_moteur.o(.text)
    MOTEUR_GAUCHE_ON                         0x00000391   Thumb Code     0  rk_moteur.o(.text)
    MOTEUR_GAUCHE_OFF                        0x0000039d   Thumb Code     0  rk_moteur.o(.text)
    MOTEUR_DROIT_ARRIERE                     0x000003a9   Thumb Code     0  rk_moteur.o(.text)
    MOTEUR_DROIT_AVANT                       0x000003b3   Thumb Code     0  rk_moteur.o(.text)
    MOTEUR_GAUCHE_ARRIERE                    0x000003bd   Thumb Code     0  rk_moteur.o(.text)
    MOTEUR_GAUCHE_AVANT                      0x000003c7   Thumb Code     0  rk_moteur.o(.text)
    MOTEUR_DROIT_INVERSE                     0x000003d1   Thumb Code     0  rk_moteur.o(.text)
    MOTEUR_GAUCHE_INVERSE                    0x000003dd   Thumb Code     0  rk_moteur.o(.text)
    LED_INIT                                 0x00000459   Thumb Code     0  config_led.o(.text)
    LED_DROIT_ON                             0x00000481   Thumb Code     0  config_led.o(.text)
    LED_GAUCHE_ON                            0x0000048b   Thumb Code     0  config_led.o(.text)
    LED_DROIT_OFF                            0x00000495   Thumb Code     0  config_led.o(.text)
    LED_GAUCHE_OFF                           0x0000049f   Thumb Code     0  config_led.o(.text)
    LED_DROIT_INVERSE                        0x000004a9   Thumb Code     0  config_led.o(.text)
    LED_GAUCHE_INVERSE                       0x000004b3   Thumb Code     0  config_led.o(.text)
    BOUTTON_INIT                             0x000004d1   Thumb Code     0  config_bouton.o(.text)
    BOUTTON_DROIT_VERIF                      0x00000501   Thumb Code     0  config_bouton.o(.text)
    BOUTTON_GAUCHE_VERIF                     0x00000517   Thumb Code     0  config_bouton.o(.text)
    BUMPER_INIT                              0x00000569   Thumb Code     0  config_bumper.o(.text)
    BUMPER_DROIT_VERIF                       0x00000599   Thumb Code     0  config_bumper.o(.text)
    BUMPER_GAUCHE_VERIF                      0x000005af   Thumb Code     0  config_bumper.o(.text)
    __main                                   0x00000651   Thumb Code     0  jambe_droite.o(.text)
    start                                    0x00000665   Thumb Code     0  jambe_droite.o(.text)
    loop                                     0x00000685   Thumb Code     0  jambe_droite.o(.text)
    wait1                                    0x000006d5   Thumb Code     0  jambe_droite.o(.text)
    __initial_sp                             0x20000100   Data           0  startup.o(STACK)



==============================================================================

Memory Map of the image

  Image Entry point : 0x0000026d

  Load Region LR_1 (Base: 0x00000000, Size: 0x00000700, Max: 0xffffffff, ABSOLUTE)

    Execution Region ER_RO (Exec base: 0x00000000, Load base: 0x00000000, Size: 0x00000700, Max: 0xffffffff, ABSOLUTE)

    Exec Addr    Load Addr    Size         Type   Attr      Idx    E Section Name        Object

    0x00000000   0x00000000   0x00000278   Code   RO           20  * RESET               startup.o
    0x00000278   0x00000278   0x000001e0   Code   RO            1  * .text               rk_moteur.o
    0x00000458   0x00000458   0x00000078   Code   RO            6  * .text               config_led.o
    0x000004d0   0x000004d0   0x00000098   Code   RO            9  * .text               config_bouton.o
    0x00000568   0x00000568   0x000000e8   Code   RO           12  * .text               config_bumper.o
    0x00000650   0x00000650   0x000000b0   Code   RO           15  * .text               jambe_droite.o


    Execution Region ER_RW (Exec base: 0x20000000, Load base: 0x00000700, Size: 0x00000000, Max: 0xffffffff, ABSOLUTE)

    **** No section assigned to this execution region ****


    Execution Region ER_ZI (Exec base: 0x20000000, Load base: 0x00000700, Size: 0x00000100, Max: 0xffffffff, ABSOLUTE)

    Exec Addr    Load Addr    Size         Type   Attr      Idx    E Section Name        Object

    0x20000000        -       0x00000100   Zero   RW           18    STACK               startup.o


==============================================================================

Image component sizes


      Code (inc. data)   RO Data    RW Data    ZI Data      Debug   Object Name

       152         16          0          0          0        288   config_bouton.o
       232         24          0          0          0        308   config_bumper.o
       120         20          0          0          0        276   config_led.o
       176          8          0          0          0        288   jambe_droite.o
       480        112          0          0          0        420   rk_moteur.o
       632        622          0          0        256        244   startup.o

    ----------------------------------------------------------------------
      1792        802          0          0        256       1824   Object Totals
         0          0          0          0          0          0   (incl. Generated)
         0          0          0          0          0          0   (incl. Padding)

    ----------------------------------------------------------------------
         0          0          0          0          0          0   Library Totals
         0          0          0          0          0          0   (incl. Padding)

    ----------------------------------------------------------------------

==============================================================================


      Code (inc. data)   RO Data    RW Data    ZI Data      Debug   

      1792        802          0          0        256       1824   Grand Totals
      1792        802          0          0        256       1824   ELF Image Totals
      1792        802          0          0          0          0   ROM Totals

==============================================================================

    Total RO  Size (Code + RO Data)                 1792 (   1.75kB)
    Total RW  Size (RW Data + ZI Data)               256 (   0.25kB)
    Total ROM Size (Code + RO Data + RW Data)       1792 (   1.75kB)

==============================================================================

