


ARM Macro Assembler    Page 1 


    1 00000000                 AREA             |.text|, CODE, READONLY
    2 00000000                 ENTRY
    3 00000000                 EXPORT           __main
    4 00000000         
    5 00000000         ;; The IMPORT command specifies that a symbol is defined
                        in a shared object at runtime.
    6 00000000                 IMPORT           MOTEUR_INIT ; initialise les mo
                                                            teurs (configure le
                                                            s pwms + GPIO)
    7 00000000         
    8 00000000                 IMPORT           MOTEUR_DROIT_ON ; activer le mo
                                                            teur droit
    9 00000000                 IMPORT           MOTEUR_DROIT_OFF ; déactiver le
                                                             moteur droit
   10 00000000                 IMPORT           MOTEUR_DROIT_AVANT ; moteur dro
                                                            it tourne vers l'av
                                                            ant
   11 00000000                 IMPORT           MOTEUR_DROIT_ARRIERE ; moteur d
                                                            roit tourne vers l'
                                                            arrière
   12 00000000                 IMPORT           MOTEUR_DROIT_INVERSE ; inverse 
                                                            le sens de rotation
                                                             du moteur droit
   13 00000000         
   14 00000000                 IMPORT           MOTEUR_GAUCHE_ON ; activer le m
                                                            oteur gauche
   15 00000000                 IMPORT           MOTEUR_GAUCHE_OFF ; déactiver l
                                                            e moteur gauche
   16 00000000                 IMPORT           MOTEUR_GAUCHE_AVANT ; moteur ga
                                                            uche tourne vers l'
                                                            avant0
   17 00000000                 IMPORT           MOTEUR_GAUCHE_ARRIERE ; moteur 
                                                            gauche tourne vers 
                                                            l'arrière
   18 00000000                 IMPORT           MOTEUR_GAUCHE_INVERSE ; inverse
                                                             le sens de rotatio
                                                            n du moteur gauche
   19 00000000         
   20 00000000                 IMPORT           LED_INIT
   21 00000000                 IMPORT           LED_DROIT_ON
   22 00000000                 IMPORT           LED_GAUCHE_ON
   23 00000000                 IMPORT           LED_GAUCHE_OFF
   24 00000000                 IMPORT           LED_DROIT_OFF
   25 00000000                 IMPORT           LED_DROIT_INVERSE
   26 00000000                 IMPORT           LED_GAUCHE_INVERSE
   27 00000000         
   28 00000000                 IMPORT           BUMPER_INIT
   29 00000000                 IMPORT           BUMPER_DROIT_VERIF
   30 00000000                 IMPORT           BUMPER_GAUCHE_VERIF
   31 00000000         
   32 00000000                 IMPORT           BOUTTON_INIT
   33 00000000                 IMPORT           BOUTTON_DROIT_VERIF
   34 00000000                 IMPORT           BOUTTON_GAUCHE_VERIF
   35 00000000         
   36 00000000                 EXPORT           start
   37 00000000                 EXPORT           loop
   38 00000000                 EXPORT           wait1
   39 00000000         
   40 00000000         



ARM Macro Assembler    Page 2 


   41 00000000         __main
   42 00000000         
   43 00000000         
   44 00000000         ;; Ajout de la vitesse dans le registre 11 avant la conf
                       iguration des moteurs
   45 00000000 F44F 7BB9       mov              r11,#0x172
   46 00000004         ; Initialisation des configurations de tous les composan
                       ts
   47 00000004 F7FF FFFE       BL               LED_INIT
   48 00000008 F7FF FFFE       BL               BUMPER_INIT
   49 0000000C F7FF FFFE       BL               BOUTTON_INIT
   50 00000010 F7FF FFFE       BL               MOTEUR_INIT
   51 00000014         ;; Phase 1 -> Avance un demi-temps
   52 00000014         start
   53 00000014 F7FF FFFE       BL               LED_GAUCHE_ON
   54 00000018 F7FF FFFE       BL               LED_DROIT_ON
   55 0000001C F7FF FFFE       BL               MOTEUR_DROIT_AVANT
   56 00000020 F7FF FFFE       BL               MOTEUR_GAUCHE_AVANT
   57 00000024 F7FF FFFE       BL               MOTEUR_DROIT_ON
   58 00000028 F7FF FFFE       BL               MOTEUR_GAUCHE_ON
   59 0000002C         ; Permet de renvoyer au bon endroit après la fin du wait
                        (bx lr ne fonctionne pas car on verifie en temps réel s
                       i il y une touche sur un bumper ou un boutton)
   60 0000002C F44F 75A8       MOV              r5,#0x150
   61 00000030 F000 F825       BL               WAIT
   62 00000034         
   63 00000034         ;; Phase 2 -> Avance un temps
   64 00000034         loop
   65 00000034 F7FF FFFE       BL               LED_GAUCHE_OFF
   66 00000038 F7FF FFFE       BL               LED_DROIT_ON
   67 0000003C F7FF FFFE       BL               MOTEUR_DROIT_AVANT
   68 00000040 F7FF FFFE       BL               MOTEUR_GAUCHE_AVANT
   69 00000044 F7FF FFFE       BL               MOTEUR_DROIT_ON
   70 00000048 F7FF FFFE       BL               MOTEUR_GAUCHE_ON
   71 0000004C F7FF FFFE       BL               LED_DROIT_ON
   72 00000050 F7FF FFFE       BL               LED_GAUCHE_OFF
   73 00000054         ; Permet de renvoyer au bon endroit après la fin du wait
                        (bx lr ne fonctionne pas car on verifie en temps réel s
                       i il y une touche sur un bumper ou un boutton)
   74 00000054 F44F 75A8       MOV              R5,#0x150
   75 00000058 F000 F813       BL               WAIT2
   76 0000005C         ;; Phase 3 -> S'arrete un temps
   77 0000005C         loop2
   78 0000005C F7FF FFFE       BL               LED_GAUCHE_ON
   79 00000060 F7FF FFFE       BL               LED_DROIT_OFF
   80 00000064 F7FF FFFE       BL               MOTEUR_DROIT_OFF
   81 00000068 F7FF FFFE       BL               MOTEUR_GAUCHE_OFF
   82 0000006C F7FF FFFE       BL               LED_DROIT_OFF
   83 00000070 F7FF FFFE       BL               LED_GAUCHE_ON
   84 00000074 F44F 7514       MOV              R5,#0x250
   85 00000078         
   86 00000078 F000 F803       BL               WAIT2
   87 0000007C         
   88 0000007C E7FE            b                loop
   89 0000007E         
   90 0000007E         ;; Boucle d'attente pour la phase 1
   91 0000007E 4C0A    WAIT    ldr              r4,=0xD557F
   92 00000080 E7FE            b                wait1
   93 00000082         ;; Boucle d'attente pour la phase 2 et 3



ARM Macro Assembler    Page 3 


   94 00000082 4C0A    WAIT2   ldr              r4,=0x1AAAFF
   95 00000084         ;WAIT ldr r4, =0xAFFFFF 
   96 00000084         wait1
   97 00000084 F7FF FFFE       BL               BUMPER_DROIT_VERIF
   98 00000088 F7FF FFFE       BL               BUMPER_GAUCHE_VERIF
   99 0000008C F7FF FFFE       BL               BOUTTON_DROIT_VERIF
  100 00000090 F7FF FFFE       BL               BOUTTON_GAUCHE_VERIF
  101 00000094 3C01            subs             r4, #1
  102 00000096 D1FE            bne              wait1
  103 00000098 F5B5 7FA8       CMP              r5,#0x150
  104 0000009C D0DE            BEQ              loop2
  105 0000009E F5B5 7F14       CMP              r5,#0x250
  106 000000A2 D0FE            BEQ              loop
  107 000000A4         
  108 000000A4 E7FE            b                loop
  109 000000A6         
  110 000000A6 BF00            NOP
  111 000000A8                 END
              000D557F 
              001AAAFF 
Command Line: --debug --xref --diag_suppress=9931 --cpu=Cortex-M3 --apcs=interw
ork --depend=.\jambe_droite.d -o.\jambe_droite.o -I.\RTE\_Target_1 -IC:\Keil_v5
\ARM\PACK\ARM\CMSIS\5.3.0\CMSIS\Include -IC:\Keil_v5\ARM\PACK\Keil\LM3S_DFP\1.1
.0\Device\Include --predefine="__EVAL SETA 1" --predefine="__MICROLIB SETA 1" -
-predefine="__UVISION_VERSION SETA 524" --predefine="_RTE_ SETA 1" --predefine=
"LM3S1968 SETA 1" --list=.\jambe_droite.lst Jambe_Droite.s



ARM Macro Assembler    Page 1 Alphabetic symbol ordering
Relocatable symbols

.text 00000000

Symbol: .text
   Definitions
      At line 1 in file Jambe_Droite.s
   Uses
      None
Comment: .text unused
WAIT 0000007E

Symbol: WAIT
   Definitions
      At line 91 in file Jambe_Droite.s
   Uses
      At line 61 in file Jambe_Droite.s
Comment: WAIT used once
WAIT2 00000082

Symbol: WAIT2
   Definitions
      At line 94 in file Jambe_Droite.s
   Uses
      At line 75 in file Jambe_Droite.s
      At line 86 in file Jambe_Droite.s

__main 00000000

Symbol: __main
   Definitions
      At line 41 in file Jambe_Droite.s
   Uses
      At line 3 in file Jambe_Droite.s
Comment: __main used once
loop 00000034

Symbol: loop
   Definitions
      At line 64 in file Jambe_Droite.s
   Uses
      At line 37 in file Jambe_Droite.s
      At line 88 in file Jambe_Droite.s
      At line 106 in file Jambe_Droite.s
      At line 108 in file Jambe_Droite.s

loop2 0000005C

Symbol: loop2
   Definitions
      At line 77 in file Jambe_Droite.s
   Uses
      At line 104 in file Jambe_Droite.s
Comment: loop2 used once
start 00000014

Symbol: start
   Definitions
      At line 52 in file Jambe_Droite.s
   Uses
      At line 36 in file Jambe_Droite.s



ARM Macro Assembler    Page 2 Alphabetic symbol ordering
Relocatable symbols

Comment: start used once
wait1 00000084

Symbol: wait1
   Definitions
      At line 96 in file Jambe_Droite.s
   Uses
      At line 38 in file Jambe_Droite.s
      At line 92 in file Jambe_Droite.s
      At line 102 in file Jambe_Droite.s

8 symbols



ARM Macro Assembler    Page 1 Alphabetic symbol ordering
External symbols

BOUTTON_DROIT_VERIF 00000000

Symbol: BOUTTON_DROIT_VERIF
   Definitions
      At line 33 in file Jambe_Droite.s
   Uses
      At line 99 in file Jambe_Droite.s
Comment: BOUTTON_DROIT_VERIF used once
BOUTTON_GAUCHE_VERIF 00000000

Symbol: BOUTTON_GAUCHE_VERIF
   Definitions
      At line 34 in file Jambe_Droite.s
   Uses
      At line 100 in file Jambe_Droite.s
Comment: BOUTTON_GAUCHE_VERIF used once
BOUTTON_INIT 00000000

Symbol: BOUTTON_INIT
   Definitions
      At line 32 in file Jambe_Droite.s
   Uses
      At line 49 in file Jambe_Droite.s
Comment: BOUTTON_INIT used once
BUMPER_DROIT_VERIF 00000000

Symbol: BUMPER_DROIT_VERIF
   Definitions
      At line 29 in file Jambe_Droite.s
   Uses
      At line 97 in file Jambe_Droite.s
Comment: BUMPER_DROIT_VERIF used once
BUMPER_GAUCHE_VERIF 00000000

Symbol: BUMPER_GAUCHE_VERIF
   Definitions
      At line 30 in file Jambe_Droite.s
   Uses
      At line 98 in file Jambe_Droite.s
Comment: BUMPER_GAUCHE_VERIF used once
BUMPER_INIT 00000000

Symbol: BUMPER_INIT
   Definitions
      At line 28 in file Jambe_Droite.s
   Uses
      At line 48 in file Jambe_Droite.s
Comment: BUMPER_INIT used once
LED_DROIT_INVERSE 00000000

Symbol: LED_DROIT_INVERSE
   Definitions
      At line 25 in file Jambe_Droite.s
   Uses
      None
Comment: LED_DROIT_INVERSE unused
LED_DROIT_OFF 00000000

Symbol: LED_DROIT_OFF



ARM Macro Assembler    Page 2 Alphabetic symbol ordering
External symbols

   Definitions
      At line 24 in file Jambe_Droite.s
   Uses
      At line 79 in file Jambe_Droite.s
      At line 82 in file Jambe_Droite.s

LED_DROIT_ON 00000000

Symbol: LED_DROIT_ON
   Definitions
      At line 21 in file Jambe_Droite.s
   Uses
      At line 54 in file Jambe_Droite.s
      At line 66 in file Jambe_Droite.s
      At line 71 in file Jambe_Droite.s

LED_GAUCHE_INVERSE 00000000

Symbol: LED_GAUCHE_INVERSE
   Definitions
      At line 26 in file Jambe_Droite.s
   Uses
      None
Comment: LED_GAUCHE_INVERSE unused
LED_GAUCHE_OFF 00000000

Symbol: LED_GAUCHE_OFF
   Definitions
      At line 23 in file Jambe_Droite.s
   Uses
      At line 65 in file Jambe_Droite.s
      At line 72 in file Jambe_Droite.s

LED_GAUCHE_ON 00000000

Symbol: LED_GAUCHE_ON
   Definitions
      At line 22 in file Jambe_Droite.s
   Uses
      At line 53 in file Jambe_Droite.s
      At line 78 in file Jambe_Droite.s
      At line 83 in file Jambe_Droite.s

LED_INIT 00000000

Symbol: LED_INIT
   Definitions
      At line 20 in file Jambe_Droite.s
   Uses
      At line 47 in file Jambe_Droite.s
Comment: LED_INIT used once
MOTEUR_DROIT_ARRIERE 00000000

Symbol: MOTEUR_DROIT_ARRIERE
   Definitions
      At line 11 in file Jambe_Droite.s
   Uses
      None
Comment: MOTEUR_DROIT_ARRIERE unused



ARM Macro Assembler    Page 3 Alphabetic symbol ordering
External symbols

MOTEUR_DROIT_AVANT 00000000

Symbol: MOTEUR_DROIT_AVANT
   Definitions
      At line 10 in file Jambe_Droite.s
   Uses
      At line 55 in file Jambe_Droite.s
      At line 67 in file Jambe_Droite.s

MOTEUR_DROIT_INVERSE 00000000

Symbol: MOTEUR_DROIT_INVERSE
   Definitions
      At line 12 in file Jambe_Droite.s
   Uses
      None
Comment: MOTEUR_DROIT_INVERSE unused
MOTEUR_DROIT_OFF 00000000

Symbol: MOTEUR_DROIT_OFF
   Definitions
      At line 9 in file Jambe_Droite.s
   Uses
      At line 80 in file Jambe_Droite.s
Comment: MOTEUR_DROIT_OFF used once
MOTEUR_DROIT_ON 00000000

Symbol: MOTEUR_DROIT_ON
   Definitions
      At line 8 in file Jambe_Droite.s
   Uses
      At line 57 in file Jambe_Droite.s
      At line 69 in file Jambe_Droite.s

MOTEUR_GAUCHE_ARRIERE 00000000

Symbol: MOTEUR_GAUCHE_ARRIERE
   Definitions
      At line 17 in file Jambe_Droite.s
   Uses
      None
Comment: MOTEUR_GAUCHE_ARRIERE unused
MOTEUR_GAUCHE_AVANT 00000000

Symbol: MOTEUR_GAUCHE_AVANT
   Definitions
      At line 16 in file Jambe_Droite.s
   Uses
      At line 56 in file Jambe_Droite.s
      At line 68 in file Jambe_Droite.s

MOTEUR_GAUCHE_INVERSE 00000000

Symbol: MOTEUR_GAUCHE_INVERSE
   Definitions
      At line 18 in file Jambe_Droite.s
   Uses
      None
Comment: MOTEUR_GAUCHE_INVERSE unused



ARM Macro Assembler    Page 4 Alphabetic symbol ordering
External symbols

MOTEUR_GAUCHE_OFF 00000000

Symbol: MOTEUR_GAUCHE_OFF
   Definitions
      At line 15 in file Jambe_Droite.s
   Uses
      At line 81 in file Jambe_Droite.s
Comment: MOTEUR_GAUCHE_OFF used once
MOTEUR_GAUCHE_ON 00000000

Symbol: MOTEUR_GAUCHE_ON
   Definitions
      At line 14 in file Jambe_Droite.s
   Uses
      At line 58 in file Jambe_Droite.s
      At line 70 in file Jambe_Droite.s

MOTEUR_INIT 00000000

Symbol: MOTEUR_INIT
   Definitions
      At line 6 in file Jambe_Droite.s
   Uses
      At line 50 in file Jambe_Droite.s
Comment: MOTEUR_INIT used once
24 symbols
369 symbols in table
