


ARM Macro Assembler    Page 1 


    1 00000000         ; Adresse horloge
    2 00000000 400FE108 
                       SYSCTL_PERIPH_GPIO
                               EQU              0x400FE108  ; SYSCTL_RCGC2_R (p
                                                            291 datasheet de lm
                                                            3s9b92.pdf)
    3 00000000         
    4 00000000         ; Adresse Port F
    5 00000000 40025000 
                       GPIO_PORTF_BASE
                               EQU              0x40025000  ; GPIO Port F (APB)
                                                             base: 0x4002.5000 
                                                            (p416 datasheet de 
                                                            lm3s9B92.pdf)
    6 00000000         
    7 00000000         ; Adresse DIR
    8 00000000 00000400 
                       GPIO_O_DIR
                               EQU              0x00000400  ; GPIO Direction (p
                                                            417 datasheet de lm
                                                            3s9B92.pdf)
    9 00000000         
   10 00000000         ; Adresse DR2R
   11 00000000 00000500 
                       GPIO_O_DR2R
                               EQU              0x00000500  ; GPIO 2-mA Drive S
                                                            elect (p428 datashe
                                                            et de lm3s9B92.pdf)
                                                            
   12 00000000         
   13 00000000         ; Adresse DEN
   14 00000000 0000051C 
                       GPIO_O_DEN
                               EQU              0x0000051C  ; GPIO Digital Enab
                                                            le (p437 datasheet 
                                                            de lm3s9B92.pdf)
   15 00000000         
   16 00000000         
   17 00000000 00000010 
                       LED_DROITE
                               EQU              0x10
   18 00000000         
   19 00000000 00000020 
                       LED_GAUCHE
                               EQU              0x20
   20 00000000         ; Broches
   21 00000000 00000030 
                       LED_TOUS
                               EQU              0x30        ; led1 & led2 sur b
                                                            roche 4 et 5
   22 00000000         
   23 00000000         ; Durée du clignotement
   24 00000000 002FFFFF 
                       DUREE   EQU              0x002FFFFF
   25 00000000         
   26 00000000         
   27 00000000                 AREA             |.text|, CODE, READONLY
   28 00000000                 ENTRY
   29 00000000         



ARM Macro Assembler    Page 2 


   30 00000000         ;; The EXPORT command specifies that a symbol can be acc
                       essed by other shared objects or executables.
   31 00000000                 EXPORT           LED_INIT
   32 00000000                 EXPORT           LED_DROIT_ON
   33 00000000                 EXPORT           LED_GAUCHE_ON
   34 00000000                 EXPORT           LED_DROIT_OFF
   35 00000000                 EXPORT           LED_GAUCHE_OFF
   36 00000000                 EXPORT           LED_DROIT_INVERSE
   37 00000000                 EXPORT           LED_GAUCHE_INVERSE
   38 00000000         
   39 00000000         
   40 00000000         LED_INIT
   41 00000000         ; ;; Mise en place de l'horloge      
   42 00000000 4F18            ldr              r7, = SYSCTL_PERIPH_GPIO 
                                                            ;; RCGC2
   43 00000002 6838            ldr              r0, [r7]
   44 00000004 F040 0020       ORR              r0, #0x00000020 ;;bit 20 = PWM 
                                                            recoit clock: ON (p
                                                            271) 
   45 00000008 6038            str              r0, [r7]
   46 0000000A         
   47 0000000A         ; ;; 3 temps horloge pour attendre la mise en place
   48 0000000A BF00            nop
   49 0000000C BF00            nop
   50 0000000E BF00            nop
   51 00000010         
   52 00000010         ;^^^^^^^^^^^^^^^^^^^^^^^^^^^^^^CONFIGURATION LED
   53 00000010         
   54 00000010 F04F 0030       ldr              r0, = LED_TOUS
   55 00000014         
   56 00000014 4F14            ldr              r7, = GPIO_PORTF_BASE+GPIO_O_DI
R 
                                                            ;; 1 Pin du portF e
                                                            n sortie (broche 4 
                                                            : 00010000) 
   57 00000016 6038            str              r0, [r7]
   58 00000018         
   59 00000018 4F14            ldr              r7, = GPIO_PORTF_BASE+GPIO_O_DE
N 
                                                            ;; Enable Digital F
                                                            unction  
   60 0000001A 6038            str              r0, [r7]
   61 0000001C         
   62 0000001C 4F14            ldr              r7, = GPIO_PORTF_BASE+GPIO_O_DR
2R 
                                                            ;; Choix de l'inten
                                                            sité de sortie (2mA
                                                            )  
   63 0000001E 6038            str              r0, [r7]
   64 00000020         
   65 00000020 F04F 0200       mov              r2, #0x000  ;; pour eteindre LE
                                                            D
   66 00000024         
   67 00000024         ; allumer la led broche 4 (BROCHE4_5)
   68 00000024         ;mov r3, #LED_TOUS  ;; Allume LED1&2 portF broche 4&5 : 
                       00110000
   69 00000024         
   70 00000024 4F13            ldr              r7, = GPIO_PORTF_BASE + (LED_TO
US<<2) 



ARM Macro Assembler    Page 3 


                                                            ;; @data Register =
                                                             @base + (mask<<2) 
                                                            ==> LED1
   71 00000026         ;vvvvvvvvvvvvvvvvvvvvvvvFin configuration LED 
   72 00000026         
   73 00000026 4770            BX               LR          ; FIN du sous progr
                                                            amme d'init.
   74 00000028         
   75 00000028         ;Enable PWM0 (bit 0) et PWM2 (bit 2) p1145 
   76 00000028         ;Attention ici c'est les sorties PWM0 et PWM2
   77 00000028         ;qu'on controle, pas les blocks PWM0 et PWM1!!!
   78 00000028         LED_DROIT_ON
   79 00000028         ;Enable sortie PWM0 (bit 0), p1145 
   80 00000028 683A            ldr              r2,[r7]
   81 0000002A F042 0210       ORR              r2,#LED_DROITE
   82 0000002E 603A            str              r2,[r7]
   83 00000030 4770            BX               LR
   84 00000032         
   85 00000032         LED_GAUCHE_ON
   86 00000032         ;Enable sortie PWM0 (bit 0), p1145 
   87 00000032 683A            ldr              r2,[r7]
   88 00000034 F042 0220       ORR              r2,#LED_GAUCHE
   89 00000038 603A            str              r2,[r7]
   90 0000003A 4770            BX               LR
   91 0000003C         
   92 0000003C         LED_DROIT_OFF
   93 0000003C         ;Enable sortie PWM0 (bit 0), p1145 
   94 0000003C 683A            ldr              r2,[r7]
   95 0000003E F002 0220       AND              r2,#LED_GAUCHE
   96 00000042 603A            str              r2,[r7]
   97 00000044 4770            BX               LR
   98 00000046         
   99 00000046         LED_GAUCHE_OFF
  100 00000046         ;Enable sortie PWM0 (bit 0), p1145 
  101 00000046 683A            ldr              r2,[r7]
  102 00000048 F002 0210       AND              r2,#LED_DROITE
  103 0000004C 603A            str              r2,[r7]
  104 0000004E 4770            BX               LR
  105 00000050         
  106 00000050         LED_DROIT_INVERSE
  107 00000050 683A            ldr              r2,[r7]
  108 00000052 F082 0210       EOR              r2,#LED_DROITE
  109 00000056 603A            str              r2,[r7]
  110 00000058 4770            BX               LR
  111 0000005A         
  112 0000005A         LED_GAUCHE_INVERSE
  113 0000005A 683A            ldr              r2,[r7]
  114 0000005C F082 0220       EOR              r2,#LED_GAUCHE
  115 00000060 603A            str              r2,[r7]
  116 00000062 4770            BX               LR
  117 00000064         
  118 00000064                 END
              400FE108 
              40025400 
              4002551C 
              40025500 
              400250C0 
Command Line: --debug --xref --diag_suppress=9931 --cpu=Cortex-M3 --apcs=interw
ork --depend=.\config_led.d -o.\config_led.o -I.\RTE\_Target_1 -IC:\Keil_v5\ARM



ARM Macro Assembler    Page 4 


\PACK\ARM\CMSIS\5.3.0\CMSIS\Include -IC:\Keil_v5\ARM\PACK\Keil\LM3S_DFP\1.1.0\D
evice\Include --predefine="__EVAL SETA 1" --predefine="__MICROLIB SETA 1" --pre
define="__UVISION_VERSION SETA 524" --predefine="_RTE_ SETA 1" --predefine="LM3
S1968 SETA 1" --list=.\config_led.lst Config_Led.s



ARM Macro Assembler    Page 1 Alphabetic symbol ordering
Relocatable symbols

.text 00000000

Symbol: .text
   Definitions
      At line 27 in file Config_Led.s
   Uses
      None
Comment: .text unused
LED_DROIT_INVERSE 00000050

Symbol: LED_DROIT_INVERSE
   Definitions
      At line 106 in file Config_Led.s
   Uses
      At line 36 in file Config_Led.s
Comment: LED_DROIT_INVERSE used once
LED_DROIT_OFF 0000003C

Symbol: LED_DROIT_OFF
   Definitions
      At line 92 in file Config_Led.s
   Uses
      At line 34 in file Config_Led.s
Comment: LED_DROIT_OFF used once
LED_DROIT_ON 00000028

Symbol: LED_DROIT_ON
   Definitions
      At line 78 in file Config_Led.s
   Uses
      At line 32 in file Config_Led.s
Comment: LED_DROIT_ON used once
LED_GAUCHE_INVERSE 0000005A

Symbol: LED_GAUCHE_INVERSE
   Definitions
      At line 112 in file Config_Led.s
   Uses
      At line 37 in file Config_Led.s
Comment: LED_GAUCHE_INVERSE used once
LED_GAUCHE_OFF 00000046

Symbol: LED_GAUCHE_OFF
   Definitions
      At line 99 in file Config_Led.s
   Uses
      At line 35 in file Config_Led.s
Comment: LED_GAUCHE_OFF used once
LED_GAUCHE_ON 00000032

Symbol: LED_GAUCHE_ON
   Definitions
      At line 85 in file Config_Led.s
   Uses
      At line 33 in file Config_Led.s
Comment: LED_GAUCHE_ON used once
LED_INIT 00000000

Symbol: LED_INIT



ARM Macro Assembler    Page 2 Alphabetic symbol ordering
Relocatable symbols

   Definitions
      At line 40 in file Config_Led.s
   Uses
      At line 31 in file Config_Led.s
Comment: LED_INIT used once
8 symbols



ARM Macro Assembler    Page 1 Alphabetic symbol ordering
Absolute symbols

DUREE 002FFFFF

Symbol: DUREE
   Definitions
      At line 24 in file Config_Led.s
   Uses
      None
Comment: DUREE unused
GPIO_O_DEN 0000051C

Symbol: GPIO_O_DEN
   Definitions
      At line 14 in file Config_Led.s
   Uses
      At line 59 in file Config_Led.s
Comment: GPIO_O_DEN used once
GPIO_O_DIR 00000400

Symbol: GPIO_O_DIR
   Definitions
      At line 8 in file Config_Led.s
   Uses
      At line 56 in file Config_Led.s
Comment: GPIO_O_DIR used once
GPIO_O_DR2R 00000500

Symbol: GPIO_O_DR2R
   Definitions
      At line 11 in file Config_Led.s
   Uses
      At line 62 in file Config_Led.s
Comment: GPIO_O_DR2R used once
GPIO_PORTF_BASE 40025000

Symbol: GPIO_PORTF_BASE
   Definitions
      At line 5 in file Config_Led.s
   Uses
      At line 56 in file Config_Led.s
      At line 59 in file Config_Led.s
      At line 62 in file Config_Led.s
      At line 70 in file Config_Led.s

LED_DROITE 00000010

Symbol: LED_DROITE
   Definitions
      At line 17 in file Config_Led.s
   Uses
      At line 81 in file Config_Led.s
      At line 102 in file Config_Led.s
      At line 108 in file Config_Led.s

LED_GAUCHE 00000020

Symbol: LED_GAUCHE
   Definitions
      At line 19 in file Config_Led.s
   Uses



ARM Macro Assembler    Page 2 Alphabetic symbol ordering
Absolute symbols

      At line 88 in file Config_Led.s
      At line 95 in file Config_Led.s
      At line 114 in file Config_Led.s

LED_TOUS 00000030

Symbol: LED_TOUS
   Definitions
      At line 21 in file Config_Led.s
   Uses
      At line 54 in file Config_Led.s
      At line 70 in file Config_Led.s

SYSCTL_PERIPH_GPIO 400FE108

Symbol: SYSCTL_PERIPH_GPIO
   Definitions
      At line 2 in file Config_Led.s
   Uses
      At line 42 in file Config_Led.s
Comment: SYSCTL_PERIPH_GPIO used once
9 symbols
354 symbols in table
